[backblue.gif]
[fade.gif]
[../index.html]
[trade.com/js/webfont.js]
[trade.com/img/favicon.png]
[trade.com/img/logo.png]
[trade.com/img/home-test.jpg]
[trade.com/img/home2.jpg]
[trade.com/img/home3.jpg]
[trade.com/13519515__TRADE_2021-07-20.pdf]
[trade.com/img/gc_web_banner_1680x549.png]
[trade.com/img/respon2.jpg]
[trade.com/img/Alt_Invest_1x.png]
[trade.com/img/homeadd2.jpg]
[trade.com/img/agriculture.jpg]
[trade.com/img/nfp.jpg]
[trade.com/img/oil_and_gas.jpg]
[trade.com/img/real_estate.jpg]
[trade.com/img/forex_trade.jpg]
[s3.tradingview.com/external-embedding/embed-widget-forex-cross-rates.js]
[trade.com/img/homeadd1.jpg]
[trade.com/cdn-cgi/scripts/5c5dd728/cloudflare-static/email-decode.min.js]
[trade.com/js/jquery-3.5.1.min.dc5e7f18c8bf79.js]
[trade.com/js/webflow.069902445.js]
[trade.com/js/recent.js]
[trade.com/../index.html]
[trade.com/images/5ad12f3b0f7efd883ff17d65_Quote-mark.png]
[trade.com/images/5ac504f30012b04af6789afe_rawpixel-com-256640-unsplash.jpg]
[trade.com/images/5ac504f45111669faa46c076_victor-freitas-546919-unsplash.jpg]
[trade.com/images/5ac504f3485eeddec3789918_bruce-mars-554379-unsplash.jpg]
[trade.com/images/5ac51d8c851dd798496e27f1_2.jpg]
[trade.com/images/5ac52300f67291456cdb1e93_8.jpg]
[trade.com/images/5ac5230093037d7367f2f3a3_5.jpg]
[trade.com/images/5ac52bcbef857af39a04846d_bruce-mars-554386-unsplash.jpg]
[trade.com/images/5ac52e24e55ec460bba4f210_Checkmark.png]
[trade.com/images/5ac628bfb922b462ff1953a6_caroline-attwood-576169-unsplash.jpg]
[trade.com/images/5ac62951c9a9f42987a50b6b_bruce-mars-558921-unsplash.jpg]
[trade.com/images/5accd97c7901616294b4e3ad_alexander-redl-185764-unsplash.jpg]
[trade.com/images/5acbb9f025bf41529fd96e31_Image.jpg]
[trade.com/images/5ad0bf58d8ce024e607a664f_Oscar.jpg]
[trade.com/images/5ac504f3b50fc937c2e6c866_autumn-goodman-242803-unsplash.jpg]
[trade.com/images/5ace2a316e76b41c7ae6dc3a_White.jpg]
[trade.com/images/5ac64c5b74d8bd3229707cc0_Curve.png]
[trade.com/images/5ac504f46484cf6fd63ef77a_tyler-nix-485827-unsplash.jpg]
[trade.com/images/5ac6531999122173f8f16ce4_vitchakorn-koonyosying-494183-unsplash.jpg]
[trade.com/images/5ac659f3ac26cb79f7aa57b7_caroline-attwood-301747-unsplash.jpg]
[trade.com/images/5ac7adcef15a77528c630261_White.jpg]
[trade.com/images/5ac7dcbd99758e3b801dbe51_victor-freitas-522935-unsplash.jpg]
[trade.com/images/5ac7dfa4e4871d69046451ae_victor-freitas-522935-unsplash.jpg]
[trade.com/images/5ac8ec1365190572e450a709_User.png]
[trade.com/images/5ac8ec13af4ae81efc300279_Email.png]
[trade.com/images/5acb7820d92a3583f4eaf31a_Phone.png]
[trade.com/images/5ac964ca99758e43f41eadd9_Arrow-3.png]
[trade.com/images/5acb98fa5edee851990d82e4_3.png]
[trade.com/images/5acb995125bf41d57bd9393e_2.png]
[trade.com/images/5acb98fa7bce9547b1f9d17b_1.png]
[trade.com/images/5acbabb27bce9555e3f9f1da_1.jpg]
[trade.com/images/5acbada37bce954343f9f34e_2.jpg]
[trade.com/images/5acbada30b00f7816f84149e_3.jpg]
[trade.com/images/5acbd1611f0d9626a44f11bc_asaf-r-300803-unsplash.jpg]
[trade.com/images/5accc0d358238f2962747e92_christopher-campbell-40367-unsplash.jpg]
[trade.com/images/5acbdf231f0d9679994f21db_Pic.jpg]
[trade.com/images/5accb3d86634d26bf34c73bc_Pic-2.jpg]
[trade.com/images/5accb3f48bad996d1bc70cbc_Pic-3.jpg]
[trade.com/images/5accdefa5affdd8f14335fd9_kyle-smith-528234-unsplash.jpg]
[trade.com/images/5acbd39978f9ca0aad1794e8_Gradient.png]
[trade.com/images/5acce58b7901611ec7b4f536_caroline-attwood-301748-unsplash.jpg]
[trade.com/css/wellness-cms.webflow.5eb1ff288.css]
[trade.com/images/5ac7dcdef15a773006634921_victor-freitas-522926-unsplash.jpg]
[trade.com/images/567t3168epassword.png]
[trade.com/images/5ad0cf0ad923b9236fc5111d_bruce-mars-558661-unsplash.jpg]
[trade.com/images/5ac7dddc2c10d13b47430a19_caroline-attwood-301746-unsplash.jpg]
[trade.com/images/5ad0d5130e93f31744da93e6_caroline-attwood-301742-unsplash.jpg]
[trade.com/images/5ac7dce9af4ae83ae42f809a_victor-freitas-549190-unsplash.jpg]
[trade.com/images/5ad0d498d923b9ba2bc518b4_jackelin-slack-539451-unsplash.jpg]
[trade.com/images/5ac51d8c851dd71f7d6e27f0_3.jpg]
[trade.com/css/extra.css]
[trade.com/css/custom.css]
[cdnjs.cloudflare.com/ajax/libs/animate.css/4.1.1/animate.min.css]
[trade.com/img/about1.png]
[trade.com/about-us.html]
[trade.com/img/responsibility.jpg]
[trade.com/img/respon1.jpg]
[trade.com/img/led.png]
[trade.com/responsibility.html]
[trade.com/img/01-photomontage_sunrise.jpg]
[trade.com/img/potsdamerplatz_tiny.png]
[trade.com/img/pexels-the-lazy-artist-gallery-1642125.jpg]
[trade.com/img/2.1_uk_housing.jpg]
[trade.com/real-estate.html]
[trade.com/img/hero-business.jpg]
[trade.com/stocks.html]
[trade.com/img/infra_utilities_transmission_transelec_chile_south_america_2_tiny_2.png]
[trade.com/img/infra_district_energy_enwave_toronto_pumps_0.jpg]
[trade.com/img/high-res-jpg-infra_district_energy_enwave_australia_alkaloids_1.jpg]
[trade.com/img/high-res-jpg-infra_utilities_tdf_telecommunications_avignon_mont_ventoux_france.jpg]
[trade.com/infrastructure.html]
[trade.com/img/hero-estate.jpg]
[trade.com/forex.html]
[trade.com/crypto.html]
[trade.com/fixed-income.html]
[trade.com/img/sector-consumer-people-with-shopping-bags-1024x650.jpg]
[trade.com/multi-asset.html]
[trade.com/img/TerraForm Case Study_tiny.png]
[trade.com/renewable-power.html]
[trade.com/agriculture.html]
[trade.com/nfp.html]
[trade.com/financial-planning.html]
[trade.com/retirement-planning.html]
[trade.com/private-wealth.html]
[trade.com/estate-planning.html]
[trade.com/long-term.html]
[trade.com/business-service.html]
[trade.com/oil-and-gas.html]
[image.cnbcfm.com/api/v1/image/106889022-1622101688991-gettyimages-1232214150-CHINA_SHANGHAI9826.jpg]
[static-22.sinclairstoryline.com/resources/media/14da3dad-329e-465d-b8b3-48e0ea072398-large16x9_Katesicecreamcaptionede529.jpg]
[a57.foxnews.com/static.foxbusiness.com/foxbusiness.com/content/uploads/2020/04/0/0/72604abb-Banks3a5a.jpg]
[bloximages.newyork1.vip.townnews.com/khq.com/content/tncms/assets/v3/editorial/d/b9/db955c50-d853-11eb-93c5-37472c65ccfa/60da4b231c26f.image2613.png]
[image.cnbcfm.com/api/v1/image/106868547-1618443427035-gettyimages-1230415697-JAPAN_STOCK2020.jpg]
[static-11.sinclairstoryline.com/resources/media/c4483819-dcdc-4bc1-800a-ce71eae40994-large16x9_breakingnews5654.png]
[i.kinja-img.com/gawker-media/image/upload/c_fill,f_auto,fl_progressive,g_center,h_675,pg_1,q_80,w_1200/bf3d2fd782fff233c38c4e88eec5dbb5.jpg]
[bloximages.newyork1.vip.townnews.com/stltoday.com/content/tncms/assets/v3/editorial/2/d6/2d65a43c-5929-58f4-9130-6f4bcdd2d7bf/5fdbc01a15d12.imageafc6.jpg]
[cdn.arstechnica.net/wp-content/uploads/2021/06/GettyImages-1233323560-760x380.jpg]
[image.cnbcfm.com/api/v1/image/106414570-1582841231596img_93078894.jpg]
[techcrunch.com/wp-content/uploads/2020/03/duolingoaf90.jpg]
[static.independent.co.uk/2021/06/28/20/ELON MUSK STATUE 51f9.jpg]
[media-cldnry.s-nbcnews.com/image/upload/t_nbcnews-fp-1200-630,f_auto,q_auto_best/newscms/2021_26/3487171/210628-home-construction-se-206p.jpg]
[cdn.cnn.com/cnnnext/dam/assets/210628151819-01-mark-zuckerberg-1023-file-restricted-super-tease.jpg]
[www.thedrive.com/content/2021/06/IMG_24360db9.jpg]
[trade.com/blog.html]
[www.google.com/recaptcha/api.js]
[trade.com/login.html]
[trade.com/assets.website-files.com/5ac4f751b50fc9186ae6aeb1/5ad4c6f5fbca00494cd6df06_5a8f48d7e8e8640001de7eac_boton-cerrar.html]
[trade.com/register.html]
[trade.com/alternatives.html]
[cdn.jsdelivr.net/themify-icons/0.1.2/css/themify-icons.css]
[trade.com/real-asset.html]
[trade.com/img/video.html]
[trade.com/assets.website-files.com/5ac4f751b50fc9186ae6aeb1/5ac64e0874d8bd69eb707eb0_Arrow_Left.html]
[trade.com/assets.website-files.com/5ac4f751b50fc9186ae6aeb1/5ac64e08ac26cb4b34aa4cc5_Arrow_Right.html]
[trade.com/contact.html]
[trade.com/cdn-cgi/l/email-protection.html]
[trade.com/d3e54v103j8qbb.cloudfront.net/static/custom-checkbox-checkmark.589d534424.html]
[trade.com/images/5ac50191bbe2f51d11d37177_buscador-musical.svg]
[trade.com/d3e54v103j8qbb.cloudfront.net/img/background-image.html]
[trade.com/images/5ac52f52a93e8858641cb1f9_manzana.svg]
[trade.com/images/5ac64ae299122144a9f15e8d_barra-con-pesas.svg]
[trade.com/images/5ac64ae274d8bd3ac4707b4c_tenis-de-mesa.svg]
[trade.com/images/5ac64ae2991221f020f15e8c_pescado.svg]
[trade.com/images/5ac64ae161777f2c2a8bde1f_zumo-recien-exprimido.svg]
[trade.com/images/5ac62ab65cab939e9927f3a4_medalla.svg]
[trade.com/images/5ac62ab6afeb5ff9a7cab7d0_cintura.svg]
[trade.com/images/5ac62ab606e220cf456a4ac7_reloj-inteligente.svg]
[trade.com/images/5ac961bab01ca6d0c6056510_flecha-hacia-arriba.svg]
[trade.com/images/5ac965a1f15a774be164190f_angulo-de-flecha-hacia-abajo.svg]
[trade.com/images/5acba03432756e080a339cc0_flecha-reproducir.svg]
[trade.com/images/5acbbd1532756e145933d058_bascula.svg]
[trade.com/images/5ad60bbbdc58e1db2c0a4e97_pescado.svg]
[trade.com/images/5acbbf967bce95231efa1742_ropa-de-deporte.svg]
[trade.com/images/5acbbffd25bf415562d97506_peso.svg]
[trade.com/images/5ace42ca31f6d3e01126a17c_boton-anadir.svg]
[trade.com/images/5acb922902301a69985484bf_zapato.svg]
[trade.com/images/5ad0d10f3b9e2b12819e7711_shorts.svg]
[trade.com/$.html]
[trade.com/img/stock1.html]
[trade.com/img/stock2.html]
[trade.com/img/stock3.html]
[trade.com/img/stock4.html]
[cdn.jsdelivr.net/themify-icons/0.1.2/css/themify-icons.css]
[trade.com/img/crypto.jpg]
[trade.com/enegry-sustain]
[trade.com/img/homeadd4.jpg]
[code.tidio.co_443/kjqgpmy1s4bui5fjetax3qgw5tm5uq41.js]
[trade.com/images/5ac51084851dd774046e1794_Line.png]
[trade.com/images/5ac50f1ecbd02156396a298d_Show-me-more.png]
[trade.com/images/5ac51d8c0b0d2fcb286a90bb_1.jpg]
[trade.com/images/5ac52bca93037da49df30239_bruce-mars-559226-unsplash.jpg]
[trade.com/images/5ac650b90ed0adfef84f4cde_victor-freitas-569958-unsplash.jpg]
[trade.com/images/5ac8ebec99758e18161e5a5a_Dot.jpg]
[trade.com/images/5ad0d4da1dee89404172efd4_caroline-attwood-301745-unsplash.jpg]
[trade.com/images/5acce1b35affdd19f33363c8_jake-jackson-263836-unsplash.jpg]
[trade.com/images/5ac7dda0e4871d58e664481a_bruce-mars-558730-unsplash.jpg]
[trade.com/img/aboutmain.jpg]
[trade.com/img/respon3.jpg]
[trade.com/img/nyc_cityline_tiny.png]
[trade.com/img/pexels-vladimir-kudinov-36362.jpg]
[trade.com/img/2716_4200_150113_rgb.png]
[trade.com/img/high-res-jpg-infra_transport_toll_road_avn_chile_south_america_2.jpg]
[trade.com/img/high-res-jpg-infra_district_energy_enwave_toronto_heat_exchanger_4.jpg]
[trade.com/img/BEP_Main_Page_v2_tiny.jpg]
[trade.com/img/Hydro-Photo 1_Isagen_tiny.png]
[trade.com/img/Wind-1_TerraForm Global_tiny.png]
[trade.com/img/Solar_tiny.png]
[trade.com/img/distribution-generation-terp-900x400.jpg]
[trade.com/img/Storage_tiny.png]
[trade.com/img/financial-planning.jpg]
[trade.com/img/location.svg]
[trade.com/img/shield.svg]
[trade.com/img/credit-card.svg]
[trade.com/img/map.svg]
[trade.com/img/growth.svg]
[trade.com/img/hero.jpg]
[trade.com/img/doingretirement.jpg]
[trade.com/img/chart.png]
[trade.com/img/testimonials-bg.jpg]
[trade.com/img/approach-perspective.jpg]
[trade.com/img/approach-strategies.jpg]
[trade.com/img/approach-commitment.jpg]
[trade.com/img/hero-long.jpg]
[trade.com/img/pic1.png]
[trade.com/img/pic2.png]
[trade.com/img/pic3.png]
[trade.com/img/pic4.png]
[trade.com/img/pic5.png]
[trade.com/img/banner-05.jpg]
[trade.com/img/fav-icon.png]
[trade.com/css/bootstrap.min.css]
[trade.com/css/style.css]
[trade.com/password/reset]
[trade.com/js/particle.min.js]
[trade.com/js/particle.js]
[trade.com/js/main.js]
[trade.com/img/ggp_091614_shops_at_la_cantera_0454.jpg]
[trade.com/img/cannabis-in-jars.jpg]
[trade.com/img/engery.jpg]
[trade.com/img/venture-capital-finance-831_3332.jpeg]
[trade.com/img/bramfor-89283bubj.jpeg]
[trade.com/img/venture-capital-finance-140528_3204.jpeg]
[trade.com/img/corner-stripes-bottom.svg]
[trade.com/img/Expertise-web-banners.jpeg]
[trade.com/img/infographics-RA.png]
[trade.com/img/contact.jpg]
