[trade.com/../index.html]
[backblue.gif]
[fade.gif]
[../index.html]
[trade.com/css/wellness-cms.webflow.5eb1ff288.css]
[trade.com/css/extra.css]
[trade.com/css/custom.css]
[cdnjs.cloudflare.com/ajax/libs/animate.css/4.1.1/animate.min.css]
[trade.com/js/webfont.js]
[trade.com/img/favicon.png]
[trade.com/img/logo.png]
[trade.com/about-us.html]
[trade.com/responsibility.html]
[trade.com/real-estate.html]
[trade.com/stocks.html]
[trade.com/infrastructure.html]
[trade.com/forex.html]
[trade.com/crypto.html]
[trade.com/fixed-income.html]
[trade.com/multi-asset.html]
[trade.com/renewable-power.html]
[trade.com/agriculture.html]
[trade.com/nfp.html]
[trade.com/financial-planning.html]
[trade.com/retirement-planning.html]
[trade.com/private-wealth.html]
[trade.com/estate-planning.html]
[trade.com/long-term.html]
[trade.com/business-service.html]
[trade.com/oil-and-gas.html]
[trade.com/blog.html]
[trade.com/login.html]
[trade.com/assets.website-files.com/5ac4f751b50fc9186ae6aeb1/5ad4c6f5fbca00494cd6df06_5a8f48d7e8e8640001de7eac_boton-cerrar.svg]
[trade.com/img/home-test.jpg]
[trade.com/register.html]
[trade.com/img/home2.jpg]
[trade.com/img/home3.jpg]
[trade.com/13519515__TRADE_2021-07-20.pdf]
[trade.com/img/gc_web_banner_1680x549.png]
[trade.com/alternatives.html]
[trade.com/img/respon2.jpg]
[trade.com/real-asset.html]
[trade.com/img/Alt_Invest_1x.png]
[trade.com/img/homeadd2.jpg]
[trade.com/img/video.html]
[trade.com/img/agriculture.jpg]
[trade.com/img/nfp.jpg]
[trade.com/img/oil_and_gas.jpg]
[trade.com/img/real_estate.jpg]
[trade.com/img/forex_trade.jpg]
[s3.tradingview.com/external-embedding/embed-widget-forex-cross-rates.js]
[trade.com/assets.website-files.com/5ac4f751b50fc9186ae6aeb1/5ac64e0874d8bd69eb707eb0_Arrow_Left.32.delayed]
[trade.com/assets.website-files.com/5ac4f751b50fc9186ae6aeb1/5ac64e08ac26cb4b34aa4cc5_Arrow_Right.png]
[trade.com/img/homeadd1.jpg]
[trade.com/contact.html]
[trade.com/cdn-cgi/l/email-protection.html]
[trade.com/cdn-cgi/scripts/5c5dd728/cloudflare-static/email-decode.min.js]
[trade.com/js/jquery-3.5.1.min.dc5e7f18c8bf79.js]
[trade.com/js/recent.js]
[trade.com/js/webflow.069902445.js]
[trade.com/../index.html]
[trade.com/d3e54v103j8qbb.cloudfront.net/static/custom-checkbox-checkmark.589d534424.3f.delayed]
[trade.com/images/5ad12f3b0f7efd883ff17d65_Quote-mark.png]
[trade.com/images/5ac50191bbe2f51d11d37177_buscador-musical.svg]
[trade.com/d3e54v103j8qbb.cloudfront.net/img/background-image.42.delayed]
[trade.com/images/5ac504f30012b04af6789afe_rawpixel-com-256640-unsplash.jpg]
[trade.com/images/5ac504f45111669faa46c076_victor-freitas-546919-unsplash.jpg]
[trade.com/images/5ac504f3485eeddec3789918_bruce-mars-554379-unsplash.jpg]
[trade.com/images/5ac51d8c851dd798496e27f1_2.jpg]
[trade.com/images/5ac52300f67291456cdb1e93_8.jpg]
[trade.com/images/5ac5230093037d7367f2f3a3_5.jpg]
[trade.com/images/5ac52bcbef857af39a04846d_bruce-mars-554386-unsplash.jpg]
[trade.com/images/5ac52e24e55ec460bba4f210_Checkmark.png]
[trade.com/images/5ac52f52a93e8858641cb1f9_manzana.svg]
[trade.com/images/5ac64ae299122144a9f15e8d_barra-con-pesas.svg]
[trade.com/images/5ac64ae274d8bd3ac4707b4c_tenis-de-mesa.svg]
[trade.com/images/5ac64ae2991221f020f15e8c_pescado.svg]
[trade.com/images/5ac64ae161777f2c2a8bde1f_zumo-recien-exprimido.svg]
[trade.com/images/5ac628bfb922b462ff1953a6_caroline-attwood-576169-unsplash.jpg]
[trade.com/images/5ac62951c9a9f42987a50b6b_bruce-mars-558921-unsplash.jpg]
[trade.com/images/5ac62ab65cab939e9927f3a4_medalla.svg]
[trade.com/images/5ac62ab6afeb5ff9a7cab7d0_cintura.svg]
[trade.com/images/5ac62ab606e220cf456a4ac7_reloj-inteligente.svg]
[trade.com/images/5accd97c7901616294b4e3ad_alexander-redl-185764-unsplash.jpg]
[trade.com/images/5acbb9f025bf41529fd96e31_Image.jpg]
[trade.com/images/5ad0bf58d8ce024e607a664f_Oscar.jpg]
[trade.com/images/5ac504f3b50fc937c2e6c866_autumn-goodman-242803-unsplash.jpg]
[trade.com/images/5ace2a316e76b41c7ae6dc3a_White.jpg]
[trade.com/images/5ac64c5b74d8bd3229707cc0_Curve.png]
[trade.com/images/5ac504f46484cf6fd63ef77a_tyler-nix-485827-unsplash.jpg]
[trade.com/images/5ac6531999122173f8f16ce4_vitchakorn-koonyosying-494183-unsplash.jpg]
[trade.com/images/5ac659f3ac26cb79f7aa57b7_caroline-attwood-301747-unsplash.jpg]
[trade.com/images/5ac7adcef15a77528c630261_White.jpg]
[trade.com/images/5ac7dcbd99758e3b801dbe51_victor-freitas-522935-unsplash.jpg]
[trade.com/images/5ac7dfa4e4871d69046451ae_victor-freitas-522935-unsplash.jpg]
[trade.com/images/5ac8ec1365190572e450a709_User.png]
[trade.com/images/5ac8ec13af4ae81efc300279_Email.png]
[trade.com/images/5acb7820d92a3583f4eaf31a_Phone.png]
[trade.com/images/5ac961bab01ca6d0c6056510_flecha-hacia-arriba.svg]
[trade.com/images/5ac964ca99758e43f41eadd9_Arrow-3.png]
[trade.com/images/5ac965a1f15a774be164190f_angulo-de-flecha-hacia-abajo.svg]
[trade.com/images/5acb98fa5edee851990d82e4_3.png]
[trade.com/images/5acb995125bf41d57bd9393e_2.png]
[trade.com/images/5acb98fa7bce9547b1f9d17b_1.png]
[trade.com/images/5acba03432756e080a339cc0_flecha-reproducir.svg]
[trade.com/images/5acbabb27bce9555e3f9f1da_1.jpg]
[trade.com/images/5acbada37bce954343f9f34e_2.jpg]
[trade.com/images/5acbada30b00f7816f84149e_3.jpg]
[trade.com/images/5acbbd1532756e145933d058_bascula.svg]
[trade.com/images/5ad60bbbdc58e1db2c0a4e97_pescado.svg]
[trade.com/images/5acbbf967bce95231efa1742_ropa-de-deporte.svg]
[trade.com/images/5acbbffd25bf415562d97506_peso.svg]
[trade.com/images/5acbd1611f0d9626a44f11bc_asaf-r-300803-unsplash.jpg]
[trade.com/images/5accc0d358238f2962747e92_christopher-campbell-40367-unsplash.jpg]
[trade.com/images/5acbdf231f0d9679994f21db_Pic.jpg]
[trade.com/images/5accb3d86634d26bf34c73bc_Pic-2.jpg]
[trade.com/images/5accb3f48bad996d1bc70cbc_Pic-3.jpg]
[trade.com/images/5accdefa5affdd8f14335fd9_kyle-smith-528234-unsplash.jpg]
[trade.com/images/5acbd39978f9ca0aad1794e8_Gradient.png]
[trade.com/images/5acce58b7901611ec7b4f536_caroline-attwood-301748-unsplash.jpg]
[trade.com/images/5ac7dcdef15a773006634921_victor-freitas-522926-unsplash.jpg]
[trade.com/images/567t3168epassword.png]
[trade.com/images/5ace42ca31f6d3e01126a17c_boton-anadir.svg]
[trade.com/images/5acb922902301a69985484bf_zapato.svg]
[trade.com/images/5ad0d10f3b9e2b12819e7711_shorts.svg]
[trade.com/images/5ad0cf0ad923b9236fc5111d_bruce-mars-558661-unsplash.jpg]
[trade.com/images/5ac7dddc2c10d13b47430a19_caroline-attwood-301746-unsplash.jpg]
[trade.com/images/5ad0d5130e93f31744da93e6_caroline-attwood-301742-unsplash.jpg]
[trade.com/images/5ac7dce9af4ae83ae42f809a_victor-freitas-549190-unsplash.jpg]
[trade.com/images/5ad0d498d923b9ba2bc518b4_jackelin-slack-539451-unsplash.jpg]
[trade.com/images/5ac51d8c851dd71f7d6e27f0_3.jpg]
[trade.com/css/wellness-cms.webflow.5eb1ff288.css]
[trade.com/css/extra.css]
[trade.com/css/custom.css]
[cdnjs.cloudflare.com/ajax/libs/animate.css/4.1.1/animate.min.css]
[trade.com/$.8f.delayed]
[trade.com/img/about1.png]
[trade.com/about-us.html]
[trade.com/img/responsibility.jpg]
[trade.com/img/respon1.jpg]
[trade.com/img/led.png]
[trade.com/responsibility.html]
[trade.com/img/01-photomontage_sunrise.jpg]
[trade.com/img/potsdamerplatz_tiny.png]
[trade.com/img/pexels-the-lazy-artist-gallery-1642125.jpg]
[trade.com/img/2.1_uk_housing.jpg]
[trade.com/real-estate.html]
[trade.com/img/hero-business.jpg]
[trade.com/img/stock1.png]
[trade.com/img/stock2.png]
[trade.com/img/stock3.png]
[trade.com/img/stock4.png]
[trade.com/stocks.html]
[trade.com/img/infra_utilities_transmission_transelec_chile_south_america_2_tiny_2.png]
[trade.com/img/infra_district_energy_enwave_toronto_pumps_0.jpg]
[trade.com/img/high-res-jpg-infra_district_energy_enwave_australia_alkaloids_1.jpg]
[trade.com/img/high-res-jpg-infra_utilities_tdf_telecommunications_avignon_mont_ventoux_france.jpg]
[trade.com/infrastructure.html]
[trade.com/img/hero-estate.jpg]
[trade.com/forex.html]
[trade.com/crypto.html]
[trade.com/fixed-income.html]
[trade.com/img/sector-consumer-people-with-shopping-bags-1024x650.jpg]
[trade.com/multi-asset.html]
[trade.com/img/TerraForm Case Study_tiny.png]
[trade.com/img/Hydro-Photo 1_Isagen_tiny.png]
[trade.com/img/Wind-1_TerraForm Global_tiny.png]
[trade.com/renewable-power.html]
[trade.com/agriculture.html]
[trade.com/nfp.html]
